Creating new document
Adding file system path "D:\\General\\Godot\\TrenchBroom-Win64-AMD64-v2026.1-Release\\defaults\\assets"
Adding file system path "D:\\General\\Godot\\cronicas-de-un-mundo-perdido\\"
Found 0 shaders
Loaded entity definition file cronicas-de-un-mundo-perdido.fgd
Found 0 shaders
Could not clip brush: Brush is empty
Could not clip brush: Brush is empty
Could not clip brush: Brush is empty
Could not clip brush: Brush is empty
Could not clip brush: Brush is empty
Could not clip brush: Brush is empty
Could not clip brush: Brush is empty
Could not clip brush: Brush is empty
Could not clip brush: Brush is empty
Could not clip brush: Brush is empty
Could not clip brush: Brush is empty
Could not clip brush: Brush is empty
Could not clip brush: Brush is empty
Could not clip brush: Brush is empty
Could not clip brush: Brush is empty
Could not clip brush: Brush is empty
Could not clip brush: Brush is empty
Could not clip brush: Brush is empty
Could not clip brush: Brush is empty
Could not clip brush: Brush is empty
Could not clip brush: Brush is empty
Could not clip brush: Brush is empty
Could not clip brush: Brush is empty
Could not clip brush: Brush is empty
Could not clip brush: Brush is empty
Could not clip brush: Brush is empty
Could not clip brush: Brush is empty
Could not clip brush: Brush is empty
Could not clip brush: Brush is empty
Could not clip brush: Brush is empty
Could not clip brush: Brush is empty
Could not clip brush: Brush is empty
Could not clip brush: Brush is empty
Could not clip brush: Brush is empty
Could not clip brush: Brush is empty
Could not clip brush: Brush is empty
Could not clip brush: Brush is empty
Could not clip brush: Brush is empty
Could not clip brush: Brush is empty
Could not clip brush: Brush is empty
Could not clip brush: Brush is empty
Could not clip brush: Brush is empty
Could not clip brush: Brush is empty
Could not clip brush: Brush is empty
Could not clip brush: Brush is empty
Could not clip brush: Brush is empty
Could not clip brush: Brush is empty
Could not clip brush: Brush is empty
Could not clip brush: Brush is empty
Could not clip brush: Brush is empty
Could not clip brush: Brush is empty
Could not clip brush: Brush is empty
Could not clip brush: Brush is empty
Could not clip brush: Brush is empty
Could not clip brush: Brush is empty
Could not clip brush: Brush is empty
Could not clip brush: Brush is empty
Could not clip brush: Brush is empty
Parsed successfully as Valve entities (unknown location)
Parsed successfully as Valve entities (unknown location)
Parsed successfully as Valve entities (unknown location)
Could not clip brush: Brush is empty
Could not clip brush: Brush is empty
Could not clip brush: Brush is empty
Could not clip brush: Brush is empty
Could not clip brush: Brush is empty
Could not clip brush: Brush is empty
Could not clip brush: Brush is empty
Could not clip brush: Brush is empty
Could not clip brush: Brush is empty
Could not clip brush: Brush is empty
Could not clip brush: Brush is empty
Could not clip brush: Brush is empty
Could not clip brush: Brush is empty
Could not clip brush: Brush is empty
Could not clip brush: Brush is empty
Saving document to "D:\\General\\Godot\\cronicas-de-un-mundo-perdido\\trenchbroom\\maps\\objects\\VillageFountain.map"
Saved "D:\\General\\Godot\\cronicas-de-un-mundo-perdido\\trenchbroom\\maps\\objects\\VillageFountain.map" in 19ms
Saving document to "D:\\General\\Godot\\cronicas-de-un-mundo-perdido\\trenchbroom\\maps\\objects\\VillageFountain.map"
Saved "D:\\General\\Godot\\cronicas-de-un-mundo-perdido\\trenchbroom\\maps\\objects\\VillageFountain.map" in 6ms
Saving document to "D:\\General\\Godot\\cronicas-de-un-mundo-perdido\\trenchbroom\\maps\\objects\\VillageFountain.map"
Saved "D:\\General\\Godot\\cronicas-de-un-mundo-perdido\\trenchbroom\\maps\\objects\\VillageFountain.map" in 6ms
Could not resize brush: Brush is empty
Saving document to "D:\\General\\Godot\\cronicas-de-un-mundo-perdido\\trenchbroom\\maps\\objects\\VillageFountain.map"
Saved "D:\\General\\Godot\\cronicas-de-un-mundo-perdido\\trenchbroom\\maps\\objects\\VillageFountain.map" in 6ms
Saving document to "D:\\General\\Godot\\cronicas-de-un-mundo-perdido\\trenchbroom\\maps\\objects\\VillageFountain.map"
Saved "D:\\General\\Godot\\cronicas-de-un-mundo-perdido\\trenchbroom\\maps\\objects\\VillageFountain.map" in 5ms
Snapped vertices of 7 brushes
Saving document to "D:\\General\\Godot\\cronicas-de-un-mundo-perdido\\trenchbroom\\maps\\objects\\VillageFountain.map"
Saved "D:\\General\\Godot\\cronicas-de-un-mundo-perdido\\trenchbroom\\maps\\objects\\VillageFountain.map" in 5ms
Saving document to "D:\\General\\Godot\\cronicas-de-un-mundo-perdido\\trenchbroom\\maps\\objects\\autosave\\VillageFountain.1.map"
Created autosave backup at "D:\\General\\Godot\\cronicas-de-un-mundo-perdido\\trenchbroom\\maps\\objects\\autosave\\VillageFountain.1.map"
Saving document to "D:\\General\\Godot\\cronicas-de-un-mundo-perdido\\trenchbroom\\maps\\objects\\VillageFountain.map"
Saved "D:\\General\\Godot\\cronicas-de-un-mundo-perdido\\trenchbroom\\maps\\objects\\VillageFountain.map" in 5ms
Saving document to "D:\\General\\Godot\\cronicas-de-un-mundo-perdido\\trenchbroom\\maps\\objects\\VillageFountain.map"
Saved "D:\\General\\Godot\\cronicas-de-un-mundo-perdido\\trenchbroom\\maps\\objects\\VillageFountain.map" in 7ms
Saving document to "D:\\General\\Godot\\cronicas-de-un-mundo-perdido\\trenchbroom\\maps\\objects\\VillageFountain.map"
Saved "D:\\General\\Godot\\cronicas-de-un-mundo-perdido\\trenchbroom\\maps\\objects\\VillageFountain.map" in 6ms
Saving document to "D:\\General\\Godot\\cronicas-de-un-mundo-perdido\\trenchbroom\\maps\\objects\\VillageFountain.map"
Saved "D:\\General\\Godot\\cronicas-de-un-mundo-perdido\\trenchbroom\\maps\\objects\\VillageFountain.map" in 5ms
Saving document to "D:\\General\\Godot\\cronicas-de-un-mundo-perdido\\trenchbroom\\maps\\objects\\VillageFountain.map"
Saved "D:\\General\\Godot\\cronicas-de-un-mundo-perdido\\trenchbroom\\maps\\objects\\VillageFountain.map" in 5ms
Saving document to "D:\\General\\Godot\\cronicas-de-un-mundo-perdido\\trenchbroom\\maps\\objects\\VillageFountain.map"
Saved "D:\\General\\Godot\\cronicas-de-un-mundo-perdido\\trenchbroom\\maps\\objects\\VillageFountain.map" in 7ms
Saving document to "D:\\General\\Godot\\cronicas-de-un-mundo-perdido\\trenchbroom\\maps\\objects\\VillageFountain.map"
Saved "D:\\General\\Godot\\cronicas-de-un-mundo-perdido\\trenchbroom\\maps\\objects\\VillageFountain.map" in 9ms
Saving document to "D:\\General\\Godot\\cronicas-de-un-mundo-perdido\\trenchbroom\\maps\\objects\\VillageFountain.map"
Saved "D:\\General\\Godot\\cronicas-de-un-mundo-perdido\\trenchbroom\\maps\\objects\\VillageFountain.map" in 6ms
Saving document to "D:\\General\\Godot\\cronicas-de-un-mundo-perdido\\trenchbroom\\maps\\objects\\VillageFountain.map"
Saved "D:\\General\\Godot\\cronicas-de-un-mundo-perdido\\trenchbroom\\maps\\objects\\VillageFountain.map" in 6ms
Saving document to "D:\\General\\Godot\\cronicas-de-un-mundo-perdido\\trenchbroom\\maps\\objects\\VillageFountain.map"
Saved "D:\\General\\Godot\\cronicas-de-un-mundo-perdido\\trenchbroom\\maps\\objects\\VillageFountain.map" in 7ms
Saving document to "D:\\General\\Godot\\cronicas-de-un-mundo-perdido\\trenchbroom\\maps\\objects\\VillageFountain.map"
Saved "D:\\General\\Godot\\cronicas-de-un-mundo-perdido\\trenchbroom\\maps\\objects\\VillageFountain.map" in 8ms
Saving document to "D:\\General\\Godot\\cronicas-de-un-mundo-perdido\\trenchbroom\\maps\\objects\\autosave\\VillageFountain.2.map"
Created autosave backup at "D:\\General\\Godot\\cronicas-de-un-mundo-perdido\\trenchbroom\\maps\\objects\\autosave\\VillageFountain.2.map"
Saving document to "D:\\General\\Godot\\cronicas-de-un-mundo-perdido\\trenchbroom\\maps\\objects\\VillageFountain.map"
Saved "D:\\General\\Godot\\cronicas-de-un-mundo-perdido\\trenchbroom\\maps\\objects\\VillageFountain.map" in 9ms
Saving document to "D:\\General\\Godot\\cronicas-de-un-mundo-perdido\\trenchbroom\\maps\\objects\\VillageFountain.map"
Saved "D:\\General\\Godot\\cronicas-de-un-mundo-perdido\\trenchbroom\\maps\\objects\\VillageFountain.map" in 8ms
Saving document to "D:\\General\\Godot\\cronicas-de-un-mundo-perdido\\trenchbroom\\maps\\objects\\VillageFountain.map"
Saved "D:\\General\\Godot\\cronicas-de-un-mundo-perdido\\trenchbroom\\maps\\objects\\VillageFountain.map" in 20ms
Saving document to "D:\\General\\Godot\\cronicas-de-un-mundo-perdido\\trenchbroom\\maps\\objects\\VillageFountain.map"
Saved "D:\\General\\Godot\\cronicas-de-un-mundo-perdido\\trenchbroom\\maps\\objects\\VillageFountain.map" in 7ms
Saving document to "D:\\General\\Godot\\cronicas-de-un-mundo-perdido\\trenchbroom\\maps\\objects\\autosave\\VillageFountain.3.map"
Created autosave backup at "D:\\General\\Godot\\cronicas-de-un-mundo-perdido\\trenchbroom\\maps\\objects\\autosave\\VillageFountain.3.map"
Saving document to "D:\\General\\Godot\\cronicas-de-un-mundo-perdido\\trenchbroom\\maps\\objects\\VillageFountain.map"
Saved "D:\\General\\Godot\\cronicas-de-un-mundo-perdido\\trenchbroom\\maps\\objects\\VillageFountain.map" in 6ms
Saving document to "D:\\General\\Godot\\cronicas-de-un-mundo-perdido\\trenchbroom\\maps\\objects\\VillageFountain.map"
Saved "D:\\General\\Godot\\cronicas-de-un-mundo-perdido\\trenchbroom\\maps\\objects\\VillageFountain.map" in 7ms
Saving document to "D:\\General\\Godot\\cronicas-de-un-mundo-perdido\\trenchbroom\\maps\\objects\\VillageFountain.map"
Saved "D:\\General\\Godot\\cronicas-de-un-mundo-perdido\\trenchbroom\\maps\\objects\\VillageFountain.map" in 7ms
Saving document to "D:\\General\\Godot\\cronicas-de-un-mundo-perdido\\trenchbroom\\maps\\objects\\VillageFountain.map"
Saved "D:\\General\\Godot\\cronicas-de-un-mundo-perdido\\trenchbroom\\maps\\objects\\VillageFountain.map" in 6ms
Saving document to "D:\\General\\Godot\\cronicas-de-un-mundo-perdido\\trenchbroom\\maps\\objects\\VillageFountain.map"
Saved "D:\\General\\Godot\\cronicas-de-un-mundo-perdido\\trenchbroom\\maps\\objects\\VillageFountain.map" in 15ms
Saving document to "D:\\General\\Godot\\cronicas-de-un-mundo-perdido\\trenchbroom\\maps\\objects\\VillageFountain.map"
Saved "D:\\General\\Godot\\cronicas-de-un-mundo-perdido\\trenchbroom\\maps\\objects\\VillageFountain.map" in 8ms
Saving document to "D:\\General\\Godot\\cronicas-de-un-mundo-perdido\\trenchbroom\\maps\\objects\\VillageFountain.map"
Saved "D:\\General\\Godot\\cronicas-de-un-mundo-perdido\\trenchbroom\\maps\\objects\\VillageFountain.map" in 7ms
Saving document to "D:\\General\\Godot\\cronicas-de-un-mundo-perdido\\trenchbroom\\maps\\objects\\VillageFountain.map"
Saved "D:\\General\\Godot\\cronicas-de-un-mundo-perdido\\trenchbroom\\maps\\objects\\VillageFountain.map" in 11ms
Saving document to "D:\\General\\Godot\\cronicas-de-un-mundo-perdido\\trenchbroom\\maps\\objects\\VillageFountain.map"
Saved "D:\\General\\Godot\\cronicas-de-un-mundo-perdido\\trenchbroom\\maps\\objects\\VillageFountain.map" in 8ms
Saving document to "D:\\General\\Godot\\cronicas-de-un-mundo-perdido\\trenchbroom\\maps\\objects\\VillageFountain.map"
Saved "D:\\General\\Godot\\cronicas-de-un-mundo-perdido\\trenchbroom\\maps\\objects\\VillageFountain.map" in 8ms
Saving document to "D:\\General\\Godot\\cronicas-de-un-mundo-perdido\\trenchbroom\\maps\\objects\\autosave\\VillageFountain.4.map"
Created autosave backup at "D:\\General\\Godot\\cronicas-de-un-mundo-perdido\\trenchbroom\\maps\\objects\\autosave\\VillageFountain.4.map"
Saving document to "D:\\General\\Godot\\cronicas-de-un-mundo-perdido\\trenchbroom\\maps\\objects\\VillageFountain.map"
Saved "D:\\General\\Godot\\cronicas-de-un-mundo-perdido\\trenchbroom\\maps\\objects\\VillageFountain.map" in 9ms
