Loading document from "D:\\General\\Godot\\cronicas-de-un-mundo-perdido\\trenchbroom\\maps\\whispering_forest1.map"
Adding file system path "D:\\General\\Godot\\TrenchBroom-Win64-AMD64-v2026.1-Release\\defaults\\assets"
Adding file system path "D:\\General\\Godot\\cronicas-de-un-mundo-perdido\\"
Found 0 shaders
Loaded entity definition file cronicas-de-un-mundo-perdido.fgd
Found 0 shaders
Renderer info: Intel(R) Iris(R) Xe Graphics version 4.6.0 - Build 31.0.101.5333 from Intel
Depth buffer bits: 24
Multisampling enabled
Saving document to "D:\\General\\Godot\\cronicas-de-un-mundo-perdido\\trenchbroom\\maps\\whispering_forest1.map"
Saved "D:\\General\\Godot\\cronicas-de-un-mundo-perdido\\trenchbroom\\maps\\whispering_forest1.map" in 6ms
Could not resize brush: Brush is empty
Could not resize brush: Brush is empty
Could not resize brush: Brush is empty
Could not resize brush: Brush is empty
Could not resize brush: Brush is empty
Could not resize brush: Brush is empty
Could not resize brush: Brush is empty
Could not resize brush: Brush is empty
Could not resize brush: Brush is empty
Could not resize brush: Brush is empty
Saving document to "D:\\General\\Godot\\cronicas-de-un-mundo-perdido\\trenchbroom\\maps\\whispering_forest1.map"
Saved "D:\\General\\Godot\\cronicas-de-un-mundo-perdido\\trenchbroom\\maps\\whispering_forest1.map" in 5ms
Saving document to "D:\\General\\Godot\\cronicas-de-un-mundo-perdido\\trenchbroom\\maps\\whispering_forest1.map"
Saved "D:\\General\\Godot\\cronicas-de-un-mundo-perdido\\trenchbroom\\maps\\whispering_forest1.map" in 5ms
Could not resize brush: Brush is empty
Could not resize brush: Brush is empty
Could not resize brush: Brush is empty
Could not resize brush: Brush is empty
Could not resize brush: Brush is empty
Could not resize brush: Brush has invalid face
Saving document to "D:\\General\\Godot\\cronicas-de-un-mundo-perdido\\trenchbroom\\maps\\autosave\\whispering_forest1.4.map"
Created autosave backup at "D:\\General\\Godot\\cronicas-de-un-mundo-perdido\\trenchbroom\\maps\\autosave\\whispering_forest1.4.map"
Saving document to "D:\\General\\Godot\\cronicas-de-un-mundo-perdido\\trenchbroom\\maps\\whispering_forest1.map"
Saved "D:\\General\\Godot\\cronicas-de-un-mundo-perdido\\trenchbroom\\maps\\whispering_forest1.map" in 6ms
Saving document to "D:\\General\\Godot\\cronicas-de-un-mundo-perdido\\trenchbroom\\maps\\whispering_forest1.map"
Saved "D:\\General\\Godot\\cronicas-de-un-mundo-perdido\\trenchbroom\\maps\\whispering_forest1.map" in 6ms
Saving document to "D:\\General\\Godot\\cronicas-de-un-mundo-perdido\\trenchbroom\\maps\\whispering_forest1.map"
Saved "D:\\General\\Godot\\cronicas-de-un-mundo-perdido\\trenchbroom\\maps\\whispering_forest1.map" in 6ms
Saving document to "D:\\General\\Godot\\cronicas-de-un-mundo-perdido\\trenchbroom\\maps\\whispering_forest1.map"
Saved "D:\\General\\Godot\\cronicas-de-un-mundo-perdido\\trenchbroom\\maps\\whispering_forest1.map" in 7ms
Saving document to "D:\\General\\Godot\\cronicas-de-un-mundo-perdido\\trenchbroom\\maps\\whispering_forest1.map"
Saved "D:\\General\\Godot\\cronicas-de-un-mundo-perdido\\trenchbroom\\maps\\whispering_forest1.map" in 6ms
Saving document to "D:\\General\\Godot\\cronicas-de-un-mundo-perdido\\trenchbroom\\maps\\autosave\\whispering_forest1.5.map"
Created autosave backup at "D:\\General\\Godot\\cronicas-de-un-mundo-perdido\\trenchbroom\\maps\\autosave\\whispering_forest1.5.map"
Saving document to "D:\\General\\Godot\\cronicas-de-un-mundo-perdido\\trenchbroom\\maps\\whispering_forest1.map"
Saved "D:\\General\\Godot\\cronicas-de-un-mundo-perdido\\trenchbroom\\maps\\whispering_forest1.map" in 6ms
Saving document to "D:\\General\\Godot\\cronicas-de-un-mundo-perdido\\trenchbroom\\maps\\whispering_forest1.map"
Saved "D:\\General\\Godot\\cronicas-de-un-mundo-perdido\\trenchbroom\\maps\\whispering_forest1.map" in 6ms
Saving document to "D:\\General\\Godot\\cronicas-de-un-mundo-perdido\\trenchbroom\\maps\\whispering_forest1.map"
Saved "D:\\General\\Godot\\cronicas-de-un-mundo-perdido\\trenchbroom\\maps\\whispering_forest1.map" in 7ms
Saving document to "D:\\General\\Godot\\cronicas-de-un-mundo-perdido\\trenchbroom\\maps\\whispering_forest1.map"
Saved "D:\\General\\Godot\\cronicas-de-un-mundo-perdido\\trenchbroom\\maps\\whispering_forest1.map" in 5ms
Saving document to "D:\\General\\Godot\\cronicas-de-un-mundo-perdido\\trenchbroom\\maps\\whispering_forest1.map"
Saved "D:\\General\\Godot\\cronicas-de-un-mundo-perdido\\trenchbroom\\maps\\whispering_forest1.map" in 19ms
Saving document to "D:\\General\\Godot\\cronicas-de-un-mundo-perdido\\trenchbroom\\maps\\whispering_forest1.map"
Saved "D:\\General\\Godot\\cronicas-de-un-mundo-perdido\\trenchbroom\\maps\\whispering_forest1.map" in 6ms
Saving document to "D:\\General\\Godot\\cronicas-de-un-mundo-perdido\\trenchbroom\\maps\\whispering_forest1.map"
Saved "D:\\General\\Godot\\cronicas-de-un-mundo-perdido\\trenchbroom\\maps\\whispering_forest1.map" in 6ms
Saving document to "D:\\General\\Godot\\cronicas-de-un-mundo-perdido\\trenchbroom\\maps\\whispering_forest1.map"
Saved "D:\\General\\Godot\\cronicas-de-un-mundo-perdido\\trenchbroom\\maps\\whispering_forest1.map" in 6ms
Saving document to "D:\\General\\Godot\\cronicas-de-un-mundo-perdido\\trenchbroom\\maps\\whispering_forest1.map"
Saved "D:\\General\\Godot\\cronicas-de-un-mundo-perdido\\trenchbroom\\maps\\whispering_forest1.map" in 6ms
Saving document to "D:\\General\\Godot\\cronicas-de-un-mundo-perdido\\trenchbroom\\maps\\autosave\\whispering_forest1.6.map"
Created autosave backup at "D:\\General\\Godot\\cronicas-de-un-mundo-perdido\\trenchbroom\\maps\\autosave\\whispering_forest1.6.map"
Parsed successfully as Valve entities (unknown location)
Parsed successfully as Valve entities (unknown location)
Parsed successfully as Valve entities (unknown location)
Parsed successfully as Valve entities (unknown location)
Parsed successfully as Valve entities (unknown location)
Parsed successfully as Valve entities (unknown location)
Parsed successfully as Valve entities (unknown location)
Parsed successfully as Valve entities (unknown location)
Parsed successfully as Valve entities (unknown location)
Parsed successfully as Valve entities (unknown location)
Parsed successfully as Valve entities (unknown location)
Saving document to "D:\\General\\Godot\\cronicas-de-un-mundo-perdido\\trenchbroom\\maps\\whispering_forest1.map"
Saved "D:\\General\\Godot\\cronicas-de-un-mundo-perdido\\trenchbroom\\maps\\whispering_forest1.map" in 7ms
Saving document to "D:\\General\\Godot\\cronicas-de-un-mundo-perdido\\trenchbroom\\maps\\whispering_forest1.map"
Saved "D:\\General\\Godot\\cronicas-de-un-mundo-perdido\\trenchbroom\\maps\\whispering_forest1.map" in 6ms
Parsed successfully as Valve entities (unknown location)
Saving document to "D:\\General\\Godot\\cronicas-de-un-mundo-perdido\\trenchbroom\\maps\\autosave\\whispering_forest1.7.map"
Created autosave backup at "D:\\General\\Godot\\cronicas-de-un-mundo-perdido\\trenchbroom\\maps\\autosave\\whispering_forest1.7.map"
Parsed successfully as Valve entities (unknown location)
Parsed successfully as Valve entities (unknown location)
Parsed successfully as Valve entities (unknown location)
Parsed successfully as Valve entities (unknown location)
Parsed successfully as Valve entities (unknown location)
Parsed successfully as Valve entities (unknown location)
Parsed successfully as Valve entities (unknown location)
Parsed successfully as Valve entities (unknown location)
Parsed successfully as Valve entities (unknown location)
Parsed successfully as Valve entities (unknown location)
Parsed successfully as Valve entities (unknown location)
Parsed successfully as Valve entities (unknown location)
Parsed successfully as Valve entities (unknown location)
Parsed successfully as Valve entities (unknown location)
Parsed successfully as Valve entities (unknown location)
Parsed successfully as Valve entities (unknown location)
Parsed successfully as Valve entities (unknown location)
Parsed successfully as Valve entities (unknown location)
Parsed successfully as Valve entities (unknown location)
Parsed successfully as Valve entities (unknown location)
Parsed successfully as Valve entities (unknown location)
Parsed successfully as Valve entities (unknown location)
Parsed successfully as Valve entities (unknown location)
Parsed successfully as Valve entities (unknown location)
Parsed successfully as Valve entities (unknown location)
Parsed successfully as Valve entities (unknown location)
Parsed successfully as Valve entities (unknown location)
Parsed successfully as Valve entities (unknown location)
Parsed successfully as Valve entities (unknown location)
Parsed successfully as Valve entities (unknown location)
Saving document to "D:\\General\\Godot\\cronicas-de-un-mundo-perdido\\trenchbroom\\maps\\whispering_forest1.map"
Saved "D:\\General\\Godot\\cronicas-de-un-mundo-perdido\\trenchbroom\\maps\\whispering_forest1.map" in 7ms
Saving document to "D:\\General\\Godot\\cronicas-de-un-mundo-perdido\\trenchbroom\\maps\\whispering_forest1.map"
Saved "D:\\General\\Godot\\cronicas-de-un-mundo-perdido\\trenchbroom\\maps\\whispering_forest1.map" in 7ms
Parsed successfully as Valve entities (unknown location)
Parsed successfully as Valve entities (unknown location)
Parsed successfully as Valve entities (unknown location)
Parsed successfully as Valve entities (unknown location)
Parsed successfully as Valve entities (unknown location)
Parsed successfully as Valve entities (unknown location)
Parsed successfully as Valve entities (unknown location)
Parsed successfully as Valve entities (unknown location)
Parsed successfully as Valve entities (unknown location)
Parsed successfully as Valve entities (unknown location)
Parsed successfully as Valve entities (unknown location)
Parsed successfully as Valve entities (unknown location)
Could not resize brush: Brush is empty
Could not resize brush: Brush is empty
Could not resize brush: Brush is empty
Could not resize brush: Brush is empty
Could not resize brush: Brush is empty
Could not resize brush: Brush is empty
Could not resize brush: Brush is empty
Could not resize brush: Brush is empty
Could not resize brush: Brush is empty
Could not resize brush: Brush is empty
Could not resize brush: Brush is empty
Could not resize brush: Brush is empty
Could not resize brush: Brush is empty
Could not resize brush: Brush is empty
Could not resize brush: Brush is empty
Could not resize brush: Brush is empty
Saving document to "D:\\General\\Godot\\cronicas-de-un-mundo-perdido\\trenchbroom\\maps\\whispering_forest1.map"
Saved "D:\\General\\Godot\\cronicas-de-un-mundo-perdido\\trenchbroom\\maps\\whispering_forest1.map" in 8ms
Parsed successfully as Valve entities (unknown location)
Saving document to "D:\\General\\Godot\\cronicas-de-un-mundo-perdido\\trenchbroom\\maps\\autosave\\whispering_forest1.8.map"
Created autosave backup at "D:\\General\\Godot\\cronicas-de-un-mundo-perdido\\trenchbroom\\maps\\autosave\\whispering_forest1.8.map"
Parsed successfully as Valve entities (unknown location)
Parsed successfully as Valve entities (unknown location)
Parsed successfully as Valve entities (unknown location)
Parsed successfully as Valve entities (unknown location)
Parsed successfully as Valve entities (unknown location)
Parsed successfully as Valve entities (unknown location)
Saving document to "D:\\General\\Godot\\cronicas-de-un-mundo-perdido\\trenchbroom\\maps\\autosave\\whispering_forest1.9.map"
Created autosave backup at "D:\\General\\Godot\\cronicas-de-un-mundo-perdido\\trenchbroom\\maps\\autosave\\whispering_forest1.9.map"
Saving document to "D:\\General\\Godot\\cronicas-de-un-mundo-perdido\\trenchbroom\\maps\\whispering_forest1.map"
Saved "D:\\General\\Godot\\cronicas-de-un-mundo-perdido\\trenchbroom\\maps\\whispering_forest1.map" in 8ms
Saving document to "D:\\General\\Godot\\cronicas-de-un-mundo-perdido\\trenchbroom\\maps\\whispering_forest1.map"
Saved "D:\\General\\Godot\\cronicas-de-un-mundo-perdido\\trenchbroom\\maps\\whispering_forest1.map" in 7ms
Saving document to "D:\\General\\Godot\\cronicas-de-un-mundo-perdido\\trenchbroom\\maps\\autosave\\whispering_forest1.10.map"
Created autosave backup at "D:\\General\\Godot\\cronicas-de-un-mundo-perdido\\trenchbroom\\maps\\autosave\\whispering_forest1.10.map"
Saving document to "D:\\General\\Godot\\cronicas-de-un-mundo-perdido\\trenchbroom\\maps\\whispering_forest1.map"
Saved "D:\\General\\Godot\\cronicas-de-un-mundo-perdido\\trenchbroom\\maps\\whispering_forest1.map" in 8ms
Saving document to "D:\\General\\Godot\\cronicas-de-un-mundo-perdido\\trenchbroom\\maps\\whispering_forest1.map"
Saved "D:\\General\\Godot\\cronicas-de-un-mundo-perdido\\trenchbroom\\maps\\whispering_forest1.map" in 8ms
Saving document to "D:\\General\\Godot\\cronicas-de-un-mundo-perdido\\trenchbroom\\maps\\whispering_forest1.map"
Saved "D:\\General\\Godot\\cronicas-de-un-mundo-perdido\\trenchbroom\\maps\\whispering_forest1.map" in 7ms
Saving document to "D:\\General\\Godot\\cronicas-de-un-mundo-perdido\\trenchbroom\\maps\\whispering_forest1.map"
Saved "D:\\General\\Godot\\cronicas-de-un-mundo-perdido\\trenchbroom\\maps\\whispering_forest1.map" in 8ms
Snapped vertices of 88 brushes
Saving document to "D:\\General\\Godot\\cronicas-de-un-mundo-perdido\\trenchbroom\\maps\\whispering_forest1.map"
Saved "D:\\General\\Godot\\cronicas-de-un-mundo-perdido\\trenchbroom\\maps\\whispering_forest1.map" in 18ms
Snapped vertices of 1 brush
Snapped vertices of 86 brushes
Snapped vertices of 4 brushes
Parsed successfully as Valve entities (unknown location)
Parsed successfully as Valve entities (unknown location)
Parsed successfully as Valve entities (unknown location)
Saving document to "D:\\General\\Godot\\cronicas-de-un-mundo-perdido\\trenchbroom\\maps\\whispering_forest1.map"
Saved "D:\\General\\Godot\\cronicas-de-un-mundo-perdido\\trenchbroom\\maps\\whispering_forest1.map" in 8ms
Saving document to "D:\\General\\Godot\\cronicas-de-un-mundo-perdido\\trenchbroom\\maps\\whispering_forest1.map"
Saved "D:\\General\\Godot\\cronicas-de-un-mundo-perdido\\trenchbroom\\maps\\whispering_forest1.map" in 8ms
Could not resize brush: Brush is empty
Could not resize brush: Brush is empty
Could not resize brush: Brush is empty
Could not resize brush: Brush is empty
Could not resize brush: Brush is empty
Could not resize brush: Brush is empty
Could not resize brush: Brush is empty
Could not resize brush: Brush is empty
Could not resize brush: Brush is empty
Could not resize brush: Brush is empty
Saving document to "D:\\General\\Godot\\cronicas-de-un-mundo-perdido\\trenchbroom\\maps\\whispering_forest1.map"
Saved "D:\\General\\Godot\\cronicas-de-un-mundo-perdido\\trenchbroom\\maps\\whispering_forest1.map" in 9ms
Saving document to "D:\\General\\Godot\\cronicas-de-un-mundo-perdido\\trenchbroom\\maps\\whispering_forest1.map"
Saved "D:\\General\\Godot\\cronicas-de-un-mundo-perdido\\trenchbroom\\maps\\whispering_forest1.map" in 7ms
Snapped vertices of 10 brushes
Snapped vertices of 3 brushes
Snapped vertices of 3 brushes
Snapped vertices of 3 brushes
Saving document to "D:\\General\\Godot\\cronicas-de-un-mundo-perdido\\trenchbroom\\maps\\whispering_forest1.map"
Saved "D:\\General\\Godot\\cronicas-de-un-mundo-perdido\\trenchbroom\\maps\\whispering_forest1.map" in 7ms
Saving document to "D:\\General\\Godot\\cronicas-de-un-mundo-perdido\\trenchbroom\\maps\\whispering_forest1.map"
Saved "D:\\General\\Godot\\cronicas-de-un-mundo-perdido\\trenchbroom\\maps\\whispering_forest1.map" in 8ms
Saving document to "D:\\General\\Godot\\cronicas-de-un-mundo-perdido\\trenchbroom\\maps\\whispering_forest1.map"
Saved "D:\\General\\Godot\\cronicas-de-un-mundo-perdido\\trenchbroom\\maps\\whispering_forest1.map" in 8ms
Saving document to "D:\\General\\Godot\\cronicas-de-un-mundo-perdido\\trenchbroom\\maps\\whispering_forest1.map"
Saved "D:\\General\\Godot\\cronicas-de-un-mundo-perdido\\trenchbroom\\maps\\whispering_forest1.map" in 8ms
Saving document to "D:\\General\\Godot\\cronicas-de-un-mundo-perdido\\trenchbroom\\maps\\whispering_forest1.map"
Saved "D:\\General\\Godot\\cronicas-de-un-mundo-perdido\\trenchbroom\\maps\\whispering_forest1.map" in 7ms
Saving document to "D:\\General\\Godot\\cronicas-de-un-mundo-perdido\\trenchbroom\\maps\\whispering_forest1.map"
Saved "D:\\General\\Godot\\cronicas-de-un-mundo-perdido\\trenchbroom\\maps\\whispering_forest1.map" in 7ms
Saving document to "D:\\General\\Godot\\cronicas-de-un-mundo-perdido\\trenchbroom\\maps\\whispering_forest1.map"
Saved "D:\\General\\Godot\\cronicas-de-un-mundo-perdido\\trenchbroom\\maps\\whispering_forest1.map" in 8ms
Saving document to "D:\\General\\Godot\\cronicas-de-un-mundo-perdido\\trenchbroom\\maps\\whispering_forest1.map"
Saved "D:\\General\\Godot\\cronicas-de-un-mundo-perdido\\trenchbroom\\maps\\whispering_forest1.map" in 8ms
Saving document to "D:\\General\\Godot\\cronicas-de-un-mundo-perdido\\trenchbroom\\maps\\whispering_forest1.map"
Saved "D:\\General\\Godot\\cronicas-de-un-mundo-perdido\\trenchbroom\\maps\\whispering_forest1.map" in 8ms
Saving document to "D:\\General\\Godot\\cronicas-de-un-mundo-perdido\\trenchbroom\\maps\\whispering_forest1.map"
Saved "D:\\General\\Godot\\cronicas-de-un-mundo-perdido\\trenchbroom\\maps\\whispering_forest1.map" in 8ms
Saving document to "D:\\General\\Godot\\cronicas-de-un-mundo-perdido\\trenchbroom\\maps\\whispering_forest1.map"
Saved "D:\\General\\Godot\\cronicas-de-un-mundo-perdido\\trenchbroom\\maps\\whispering_forest1.map" in 7ms
Saving document to "D:\\General\\Godot\\cronicas-de-un-mundo-perdido\\trenchbroom\\maps\\whispering_forest1.map"
Saved "D:\\General\\Godot\\cronicas-de-un-mundo-perdido\\trenchbroom\\maps\\whispering_forest1.map" in 8ms
Saving document to "D:\\General\\Godot\\cronicas-de-un-mundo-perdido\\trenchbroom\\maps\\whispering_forest1.map"
Saved "D:\\General\\Godot\\cronicas-de-un-mundo-perdido\\trenchbroom\\maps\\whispering_forest1.map" in 8ms
Saving document to "D:\\General\\Godot\\cronicas-de-un-mundo-perdido\\trenchbroom\\maps\\whispering_forest1.map"
Saved "D:\\General\\Godot\\cronicas-de-un-mundo-perdido\\trenchbroom\\maps\\whispering_forest1.map" in 8ms
Saving document to "D:\\General\\Godot\\cronicas-de-un-mundo-perdido\\trenchbroom\\maps\\whispering_forest1.map"
Saved "D:\\General\\Godot\\cronicas-de-un-mundo-perdido\\trenchbroom\\maps\\whispering_forest1.map" in 7ms
Saving document to "D:\\General\\Godot\\cronicas-de-un-mundo-perdido\\trenchbroom\\maps\\whispering_forest1.map"
Saved "D:\\General\\Godot\\cronicas-de-un-mundo-perdido\\trenchbroom\\maps\\whispering_forest1.map" in 8ms
Saving document to "D:\\General\\Godot\\cronicas-de-un-mundo-perdido\\trenchbroom\\maps\\whispering_forest1.map"
Saved "D:\\General\\Godot\\cronicas-de-un-mundo-perdido\\trenchbroom\\maps\\whispering_forest1.map" in 8ms
Snapped vertices of 1 brush
Saving document to "D:\\General\\Godot\\cronicas-de-un-mundo-perdido\\trenchbroom\\maps\\whispering_forest1.map"
Saved "D:\\General\\Godot\\cronicas-de-un-mundo-perdido\\trenchbroom\\maps\\whispering_forest1.map" in 7ms
Parsed successfully as Valve entities (unknown location)
Saving document to "D:\\General\\Godot\\cronicas-de-un-mundo-perdido\\trenchbroom\\maps\\whispering_forest1.map"
Saved "D:\\General\\Godot\\cronicas-de-un-mundo-perdido\\trenchbroom\\maps\\whispering_forest1.map" in 9ms
Saving document to "D:\\General\\Godot\\cronicas-de-un-mundo-perdido\\trenchbroom\\maps\\autosave\\whispering_forest1.11.map"
Created autosave backup at "D:\\General\\Godot\\cronicas-de-un-mundo-perdido\\trenchbroom\\maps\\autosave\\whispering_forest1.11.map"
Parsed successfully as Valve entities (unknown location)
Parsed successfully as Valve entities (unknown location)
Parsed successfully as Valve entities (unknown location)
Parsed successfully as Valve entities (unknown location)
Parsed successfully as Valve entities (unknown location)
Parsed successfully as Valve entities (unknown location)
Saving document to "D:\\General\\Godot\\cronicas-de-un-mundo-perdido\\trenchbroom\\maps\\whispering_forest1.map"
Saved "D:\\General\\Godot\\cronicas-de-un-mundo-perdido\\trenchbroom\\maps\\whispering_forest1.map" in 8ms
Parsed successfully as Valve entities (unknown location)
Parsed successfully as Valve entities (unknown location)
Parsed successfully as Valve entities (unknown location)
Parsed successfully as Valve entities (unknown location)
Parsed successfully as Valve entities (unknown location)
Parsed successfully as Valve entities (unknown location)
Parsed successfully as Valve entities (unknown location)
Parsed successfully as Valve entities (unknown location)
Parsed successfully as Valve entities (unknown location)
Parsed successfully as Valve entities (unknown location)
Parsed successfully as Valve entities (unknown location)
Parsed successfully as Valve entities (unknown location)
Parsed successfully as Valve entities (unknown location)
Snapped vertices of 15 brushes
Saving document to "D:\\General\\Godot\\cronicas-de-un-mundo-perdido\\trenchbroom\\maps\\whispering_forest1.map"
Saved "D:\\General\\Godot\\cronicas-de-un-mundo-perdido\\trenchbroom\\maps\\whispering_forest1.map" in 10ms
Saving document to "D:\\General\\Godot\\cronicas-de-un-mundo-perdido\\trenchbroom\\maps\\whispering_forest1.map"
Saved "D:\\General\\Godot\\cronicas-de-un-mundo-perdido\\trenchbroom\\maps\\whispering_forest1.map" in 9ms
Saving document to "D:\\General\\Godot\\cronicas-de-un-mundo-perdido\\trenchbroom\\maps\\whispering_forest1.map"
Saved "D:\\General\\Godot\\cronicas-de-un-mundo-perdido\\trenchbroom\\maps\\whispering_forest1.map" in 7ms
Parsed successfully as Valve entities (unknown location)
Parsed successfully as Valve entities (unknown location)
Snapped vertices of 1 brush
Parsed successfully as Valve entities (unknown location)
Snapped vertices of 1 brush
Saving document to "D:\\General\\Godot\\cronicas-de-un-mundo-perdido\\trenchbroom\\maps\\whispering_forest1.map"
Saved "D:\\General\\Godot\\cronicas-de-un-mundo-perdido\\trenchbroom\\maps\\whispering_forest1.map" in 8ms
Parsed successfully as Valve entities (unknown location)
Parsed successfully as Valve entities (unknown location)
Parsed successfully as Valve entities (unknown location)
Parsed successfully as Valve entities (unknown location)
Parsed successfully as Valve entities (unknown location)
Parsed successfully as Valve entities (unknown location)
Parsed successfully as Valve entities (unknown location)
Parsed successfully as Valve entities (unknown location)
Parsed successfully as Valve entities (unknown location)
