Creating new document
Adding file system path "D:\\General\\Godot\\TrenchBroom-Win64-AMD64-v2026.1-Release\\defaults\\assets"
Adding file system path "D:\\General\\Godot\\cronicas-de-un-mundo-perdido\\"
Found 0 shaders
Loaded entity definition file cronicas-de-un-mundo-perdido.fgd
Found 0 shaders
Renderer info: Intel(R) Iris(R) Xe Graphics version 4.6.0 - Build 31.0.101.5333 from Intel
Depth buffer bits: 24
Multisampling enabled
Parsed successfully as Valve entities (unknown location)
Saving document to "D:\\General\\GodSaving document to "D:\\General\\Godot\\cronicas-de-un-mundo-perdido\\trenchbroom\\maps\\whispering_forest1.map"
Saved "D:\\General\\Godot\\cronicas-de-un-mundo-perdido\\trenchbroom\\maps\\whispering_forest1.map" in 16ms
Saving document to "D:\\General\\Godot\\cronicas-de-un-mundo-perdido\\trenchbroom\\maps\\whispering_forest1.map"
Saved "D:\\General\\Godot\\cronicas-de-un-mundo-perdido\\trenchbroom\\maps\\whispering_forest1.map" in 11ms
Saving document to "D:\\General\\Godot\\cronicas-de-un-mundo-perdido\\trenchbroom\\maps\\whispering_forest1.map"
Saved "D:\\General\\Godot\\cronicas-de-un-mundo-perdido\\trenchbroom\\maps\\whispering_forest1.map" in 10ms
Could not resize brush: Brush is empty
Could not resize brush: Brush is empty
Could not resize brush: Brush is empty
Could not resize brush: Brush is empty
Could not resize brush: Brush is empty
Could not resize brush: Brush is empty
Could not resize brush: Brush is empty
Could not resize brush: Brush is empty
Could not resize brush: Brush is empty
Could not resize brush: Brush is empty
Could not resize brush: Brush is empty
Could not resize brush: Brush is empty
Could not resize brush: Brush is empty
Could not resize brush: Brush is empty
Could not resize brush: Brush is empty
Could not resize brush: Brush is empty
Could not resize brush: Brush is empty
Could not resize brush: Brush is empty
Could not resize brush: Brush is empty
Saving document to "D:\\General\\Godot\\cronicas-de-un-mundo-perdido\\trenchbroom\\maps\\whispering_forest_cliff.map"
Saved "D:\\General\\Godot\\cronicas-de-un-mundo-perdido\\trenchbroom\\maps\\whispering_forest_cliff.map" in 5ms
Saving document to "D:\\General\\Godot\\cronicas-de-un-mundo-perdido\\trenchbroom\\maps\\whispering_forest_cliff.map"
Saved "D:\\General\\Godot\\cronicas-de-un-mundo-perdido\\trenchbroom\\maps\\whispering_forest_cliff.map" in 5ms
Saving document to "D:\\General\\Godot\\cronicas-de-un-mundo-perdido\\trenchbroom\\maps\\whispering_forest_cliff.map"
Saved "D:\\General\\Godot\\cronicas-de-un-mundo-perdido\\trenchbroom\\maps\\whispering_forest_cliff.map" in 5ms
Saving document to "D:\\General\\Godot\\cronicas-de-un-mundo-perdido\\trenchbroom\\maps\\whispering_forest_cliff.map"
Saved "D:\\General\\Godot\\cronicas-de-un-mundo-perdido\\trenchbroom\\maps\\whispering_forest_cliff.map" in 5ms
Snapped vertices of 51 brushes
Snapped vertices of 41 brushes
Snapped vertices of 37 brushes
Could not move brush vertices: Brush is empty
Could not move brush vertices: Brush is empty
Could not move brush vertices: Brush is empty
Snapped vertices of 1 brush
Snapped vertices of 58 brushes
Snapped vertices of 58 brushes
Saving document to "D:\\General\\Godot\\cronicas-de-un-mundo-perdido\\trenchbroom\\maps\\whispering_forest_cliff.map"
Saved "D:\\General\\Godot\\cronicas-de-un-mundo-perdido\\trenchbroom\\maps\\whispering_forest_cliff.map" in 6ms
Saving document to "D:\\General\\Godot\\cronicas-de-un-mundo-perdido\\trenchbroom\\maps\\whispering_forest_cliff.map"
Saved "D:\\General\\Godot\\cronicas-de-un-mundo-perdido\\trenchbroom\\maps\\whispering_forest_cliff.map" in 7ms
Saving document to "D:\\General\\Godot\\cronicas-de-un-mundo-perdido\\trenchbroom\\maps\\whispering_forest_cliff.map"
Saved "D:\\General\\Godot\\cronicas-de-un-mundo-perdido\\trenchbroom\\maps\\whispering_forest_cliff.map" in 13ms
Could not resize brush: Brush is incomplete
Could not resize brush: Brush is incomplete
Could not resize brush: Brush is incomplete
Could not resize brush: Brush is incomplete
Could not resize brush: Brush is incomplete
Could not resize brush: Brush is incomplete
Could not resize brush: Brush is incomplete
Could not resize brush: Brush is incomplete
Could not resize brush: Brush is incomplete
Could not resize brush: Brush is incomplete
Could not resize brush: Brush is incomplete
Could not resize brush: Brush is incomplete
Could not resize brush: Brush is incomplete
Could not resize brush: Brush is incomplete
Could not resize brush: Brush is incomplete
Could not resize brush: Brush is incomplete
Could not resize brush: Brush is incomplete
Could not resize brush: Brush is incomplete
Could not resize brush: Brush is incomplete
Could not resize brush: Brush is incomplete
Could not resize brush: Brush is incomplete
Could not resize brush: Brush is incomplete
Could not resize brush: Brush is incomplete
Could not resize brush: Brush is incomplete
Could not resize brush: Brush is incomplete
Could not resize brush: Brush is incomplete
Could not resize brush: Brush is incomplete
